// Jest Snapshot v1, https://goo.gl/fbAQLP

exports[`Snapshot of Simple line 1`] = `
<EchartsReact
  className=""
  echarts={Object {}}
  lazyUpdate={false}
  loadingOption={null}
  notMerge={false}
  onChartReady={[Function]}
  onEvents={Object {}}
  option={
    Object {
      "dataset": Object {
        "dimensions": Array [
          "product",
          "2015",
          "2016",
          "2017",
        ],
        "source": Array [
          Array [
            "product",
            "2015",
            "2016",
            "2017",
          ],
          Array [
            "Matcha Latte",
            43.3,
            85.8,
            93.7,
          ],
          Array [
            "Milk Tea",
            83.1,
            73.4,
            55.1,
          ],
          Array [
            "Cheese Cocoa",
            86.4,
            65.2,
            82.5,
          ],
          Array [
            "Walnut Brownie",
            72.4,
            53.9,
            39.1,
          ],
        ],
      },
      "legend": Object {},
      "series": Array [
        Object {
          "name": "2015",
          "type": "line",
        },
        Object {
          "name": "2016",
          "type": "line",
        },
        Object {
          "name": "2017",
          "type": "line",
        },
      ],
      "tooltip": Object {
        "trigger": "axis",
      },
      "xAxis": Object {
        "boundaryGap": false,
        "type": "category",
      },
      "yAxis": Object {
        "type": "value",
      },
    }
  }
  opts={Object {}}
  showLoading={false}
  source={
    Array [
      Array [
        "product",
        "2015",
        "2016",
        "2017",
      ],
      Array [
        "Matcha Latte",
        43.3,
        85.8,
        93.7,
      ],
      Array [
        "Milk Tea",
        83.1,
        73.4,
        55.1,
      ],
      Array [
        "Cheese Cocoa",
        86.4,
        65.2,
        82.5,
      ],
      Array [
        "Walnut Brownie",
        72.4,
        53.9,
        39.1,
      ],
    ]
  }
  style={Object {}}
  theme={null}
/>
`;
